
> d-pi@0.1.0-s2.0 check /Users/lou/Learn/d-pi
> pnpm typecheck && pnpm lint && pnpm lint:design && pnpm validate:design && node validation/s1/source-boundaries.mjs && pnpm test


> d-pi@0.1.0-s2.0 typecheck /Users/lou/Learn/d-pi
> tsc --noEmit


> d-pi@0.1.0-s2.0 lint /Users/lou/Learn/d-pi
> biome check .

Checked 118 files in 15ms. No fixes applied.

> d-pi@0.1.0-s2.0 lint:design /Users/lou/Learn/d-pi
> oxlint -c .oxlintrc.json src/renderer


> d-pi@0.1.0-s2.0 validate:design /Users/lou/Learn/d-pi
> node validation/s1/design-check.mjs

PASS: CSS Modules, clsx/cva, shared variable accepted; six invalid design patterns rejected.
PASS: token source, icon/domain and feature/platform import boundaries (narrow source checks; not a full dependency or CSS analyzer).

> d-pi@0.1.0-s2.0 test /Users/lou/Learn/d-pi
> vitest run


 RUN  v5.0.2 /Users/lou/Learn/d-pi

(node:92700) ExperimentalWarning: SQLite is an experimental feature and might change at any time
(Use `node --trace-warnings ...` to show where the warning was created)
(node:92701) ExperimentalWarning: SQLite is an experimental feature and might change at any time
(Use `node --trace-warnings ...` to show where the warning was created)
(node:92703) ExperimentalWarning: SQLite is an experimental feature and might change at any time
(Use `node --trace-warnings ...` to show where the warning was created)
(node:92699) ExperimentalWarning: SQLite is an experimental feature and might change at any time
(Use `node --trace-warnings ...` to show where the warning was created)
(node:92705) ExperimentalWarning: SQLite is an experimental feature and might change at any time
(Use `node --trace-warnings ...` to show where the warning was created)

 Test Files  26 passed | 1 skipped (27)
      Tests  76 passed | 1 skipped (77)
   Start at  14:51:25
   Duration  892ms (tests 45%, transform 28%, import 25%, worker 2%)
