{"name":"red-start","timestamp":"2026-10-06T02:43:44.978Z","cwd":"/private/var/folders/0_/wqjm38lj5j5frqmvd7c4m5yh0000gn/T/d-pi-workflow-forward-w8bbc4q1-mini-left","command":["/Users/louistation/.nvm/versions/node/v24.21.0/bin/node","--test",".scratch/parallel-mini/tests/left.test.mjs"],"sourceAbsent":true}
node:internal/modules/esm/resolve:272
    throw new ERR_MODULE_NOT_FOUND(
          ^

Error [ERR_MODULE_NOT_FOUND]: Cannot find module '/private/var/folders/0_/wqjm38lj5j5frqmvd7c4m5yh0000gn/T/d-pi-workflow-forward-w8bbc4q1-mini-left/.scratch/parallel-mini/src/left.mjs' imported from /private/var/folders/0_/wqjm38lj5j5frqmvd7c4m5yh0000gn/T/d-pi-workflow-forward-w8bbc4q1-mini-left/.scratch/parallel-mini/tests/left.test.mjs
    at finalizeResolution (node:internal/modules/esm/resolve:272:11)
    at moduleResolve (node:internal/modules/esm/resolve:879:10)
    at defaultResolve (node:internal/modules/esm/resolve:1006:11)
    at #cachedDefaultResolve (node:internal/modules/esm/loader:705:20)
    at #resolveAndMaybeBlockOnLoaderThread (node:internal/modules/esm/loader:725:38)
    at ModuleLoader.resolveSync (node:internal/modules/esm/loader:763:56)
    at #resolve (node:internal/modules/esm/loader:687:17)
    at ModuleLoader.getOrCreateModuleJob (node:internal/modules/esm/loader:607:35)
    at ModuleJob.syncLink (node:internal/modules/esm/module_job:276:33)
    at ModuleJob.link (node:internal/modules/esm/module_job:381:17) {
  code: 'ERR_MODULE_NOT_FOUND',
  url: 'file:///private/var/folders/0_/wqjm38lj5j5frqmvd7c4m5yh0000gn/T/d-pi-workflow-forward-w8bbc4q1-mini-left/.scratch/parallel-mini/src/left.mjs'
}

Node.js v24.21.0
✖ .scratch/parallel-mini/tests/left.test.mjs (42.054375ms)
ℹ tests 1
ℹ suites 0
ℹ pass 0
ℹ fail 1
ℹ cancelled 0
ℹ skipped 0
ℹ todo 0
ℹ duration_ms 46.415125

✖ failing tests:

test at .scratch/parallel-mini/tests/left.test.mjs:1:1
✖ .scratch/parallel-mini/tests/left.test.mjs (42.054375ms)
  'test failed'

{"name":"red-finish","timestamp":"2026-10-06T02:43:45.064Z","exitCode":1,"signal":null,"expectedMissingModuleFailure":true}
