2026-10-06T02:43:41.213Z red-start
node:internal/modules/esm/resolve:272
    throw new ERR_MODULE_NOT_FOUND(
          ^

Error [ERR_MODULE_NOT_FOUND]: Cannot find module '/private/var/folders/0_/wqjm38lj5j5frqmvd7c4m5yh0000gn/T/d-pi-workflow-forward-w8bbc4q1-mini-right/.scratch/parallel-mini/src/right.mjs' imported from /private/var/folders/0_/wqjm38lj5j5frqmvd7c4m5yh0000gn/T/d-pi-workflow-forward-w8bbc4q1-mini-right/.scratch/parallel-mini/tests/right.test.mjs
    at finalizeResolution (node:internal/modules/esm/resolve:272:11)
    at moduleResolve (node:internal/modules/esm/resolve:879:10)
    at defaultResolve (node:internal/modules/esm/resolve:1006:11)
    at #cachedDefaultResolve (node:internal/modules/esm/loader:705:20)
    at #resolveAndMaybeBlockOnLoaderThread (node:internal/modules/esm/loader:725:38)
    at ModuleLoader.resolveSync (node:internal/modules/esm/loader:763:56)
    at #resolve (node:internal/modules/esm/loader:687:17)
    at ModuleLoader.getOrCreateModuleJob (node:internal/modules/esm/loader:607:35)
    at ModuleJob.syncLink (node:internal/modules/esm/module_job:276:33)
    at ModuleJob.link (node:internal/modules/esm/module_job:381:17) {
  code: 'ERR_MODULE_NOT_FOUND',
  url: 'file:///private/var/folders/0_/wqjm38lj5j5frqmvd7c4m5yh0000gn/T/d-pi-workflow-forward-w8bbc4q1-mini-right/.scratch/parallel-mini/src/right.mjs'
}

Node.js v24.21.0
✖ .scratch/parallel-mini/tests/right.test.mjs (47.244083ms)
ℹ tests 1
ℹ suites 0
ℹ pass 0
ℹ fail 1
ℹ cancelled 0
ℹ skipped 0
ℹ todo 0
ℹ duration_ms 58.092084

✖ failing tests:

test at .scratch/parallel-mini/tests/right.test.mjs:1:1
✖ .scratch/parallel-mini/tests/right.test.mjs (47.244083ms)
  'test failed'

exitCode=1
signal=
