SKIP: fixed CLI artifact native behavior smoke; opt in with D_PI_NATIVE_SMOKE=1 after runtime:fetch

 RUN  v5.0.2 /Users/lou/Learn/d-pi

 ✓ src/app/renderer/wiring/conversation-cache.test.ts (1 test) 12ms
 ✓ src/modules/ui/renderer/loading-indicator.test.ts (1 test) 48ms
 ✓ src/app/renderer/wiring/thread-cache.test.ts (2 tests) 28ms
 ✓ src/app/renderer/wiring/thread-send-recovery.test.ts (5 tests) 25ms
 ✓ src/app/renderer/wiring/thread-startup.test.ts (10 tests) 110ms
stderr | src/app/renderer/reading/saved-conversation.test.ts > reuses fresh saved messages on return without another disk read or loading prose
An update to SavedConversation inside a test was not wrapped in act(...).

When testing, code that causes React state updates should be wrapped into act(...):

act(() => {
  /* fire events that update state */
});
/* assert on the output */

This ensures that you're testing the behavior the user would see in the browser. Learn more at https://react.dev/link/wrap-tests-with-act

stderr | src/app/renderer/reading/saved-conversation.test.ts > reuses fresh saved messages on return without another disk read or loading prose
An update to LoadingIndicator inside a test was not wrapped in act(...).

When testing, code that causes React state updates should be wrapped into act(...):

act(() => {
  /* fire events that update state */
});
/* assert on the output */

This ensures that you're testing the behavior the user would see in the browser. Learn more at https://react.dev/link/wrap-tests-with-act

stderr | src/app/renderer/workbench/composer-continuity.test.ts > keeps a frozen selection pending when PM rejects insertion and applies it once after recovery
An update to I18nProvider inside a test was not wrapped in act(...).

When testing, code that causes React state updates should be wrapped into act(...):

act(() => {
  /* fire events that update state */
});
/* assert on the output */

This ensures that you're testing the behavior the user would see in the browser. Learn more at https://react.dev/link/wrap-tests-with-act

stderr | src/app/renderer/workbench/composer-continuity.test.ts > keeps a frozen selection pending when PM rejects insertion and applies it once after recovery
An update to I18nProvider inside a test was not wrapped in act(...).

When testing, code that causes React state updates should be wrapped into act(...):

act(() => {
  /* fire events that update state */
});
/* assert on the output */

This ensures that you're testing the behavior the user would see in the browser. Learn more at https://react.dev/link/wrap-tests-with-act

stderr | src/app/renderer/workbench/composer-continuity.test.ts > keeps a frozen selection pending when PM rejects insertion and applies it once after recovery
An update to I18nProvider inside a test was not wrapped in act(...).

When testing, code that causes React state updates should be wrapped into act(...):

act(() => {
  /* fire events that update state */
});
/* assert on the output */

This ensures that you're testing the behavior the user would see in the browser. Learn more at https://react.dev/link/wrap-tests-with-act

stderr | src/app/renderer/workbench/composer-continuity.test.ts > keeps a frozen selection pending when PM rejects insertion and applies it once after recovery
An update to I18nProvider inside a test was not wrapped in act(...).

When testing, code that causes React state updates should be wrapped into act(...):

act(() => {
  /* fire events that update state */
});
/* assert on the output */

This ensures that you're testing the behavior the user would see in the browser. Learn more at https://react.dev/link/wrap-tests-with-act

stderr | src/app/renderer/reading/saved-conversation.test.ts > does not re-read a cached transcript just because its existing live identities remount
An update to SavedConversation inside a test was not wrapped in act(...).

When testing, code that causes React state updates should be wrapped into act(...):

act(() => {
  /* fire events that update state */
});
/* assert on the output */

This ensures that you're testing the behavior the user would see in the browser. Learn more at https://react.dev/link/wrap-tests-with-act

stderr | src/app/renderer/workbench/composer-continuity.test.ts > preserves A's middle selection and independent undo/redo across A → B → A with fresh views
An update to I18nProvider inside a test was not wrapped in act(...).

When testing, code that causes React state updates should be wrapped into act(...):

act(() => {
  /* fire events that update state */
});
/* assert on the output */

This ensures that you're testing the behavior the user would see in the browser. Learn more at https://react.dev/link/wrap-tests-with-act

stderr | src/app/renderer/reading/saved-conversation.test.ts > does not re-read a cached transcript just because its existing live identities remount
An update to LoadingIndicator inside a test was not wrapped in act(...).

When testing, code that causes React state updates should be wrapped into act(...):

act(() => {
  /* fire events that update state */
});
/* assert on the output */

This ensures that you're testing the behavior the user would see in the browser. Learn more at https://react.dev/link/wrap-tests-with-act

stderr | src/app/renderer/workbench/composer-continuity.test.ts > preserves A's middle selection and independent undo/redo across A → B → A with fresh views
An update to I18nProvider inside a test was not wrapped in act(...).

When testing, code that causes React state updates should be wrapped into act(...):

act(() => {
  /* fire events that update state */
});
/* assert on the output */

This ensures that you're testing the behavior the user would see in the browser. Learn more at https://react.dev/link/wrap-tests-with-act

stderr | src/app/renderer/workbench/composer-continuity.test.ts > preserves A's middle selection and independent undo/redo across A → B → A with fresh views
An update to I18nProvider inside a test was not wrapped in act(...).

When testing, code that causes React state updates should be wrapped into act(...):

act(() => {
  /* fire events that update state */
});
/* assert on the output */

This ensures that you're testing the behavior the user would see in the browser. Learn more at https://react.dev/link/wrap-tests-with-act

stderr | src/app/renderer/workbench/composer-continuity.test.ts > preserves A's middle selection and independent undo/redo across A → B → A with fresh views
An update to I18nProvider inside a test was not wrapped in act(...).

When testing, code that causes React state updates should be wrapped into act(...):

act(() => {
  /* fire events that update state */
});
/* assert on the output */

This ensures that you're testing the behavior the user would see in the browser. Learn more at https://react.dev/link/wrap-tests-with-act

stderr | src/app/renderer/workbench/composer-continuity.test.ts > cannot undo accepted submission consumption in the current editor or after a switch
An update to I18nProvider inside a test was not wrapped in act(...).

When testing, code that causes React state updates should be wrapped into act(...):

act(() => {
  /* fire events that update state */
});
/* assert on the output */

This ensures that you're testing the behavior the user would see in the browser. Learn more at https://react.dev/link/wrap-tests-with-act

stderr | src/app/renderer/workbench/composer-continuity.test.ts > cannot undo accepted submission consumption in the current editor or after a switch
An update to I18nProvider inside a test was not wrapped in act(...).

When testing, code that causes React state updates should be wrapped into act(...):

act(() => {
  /* fire events that update state */
});
/* assert on the output */

This ensures that you're testing the behavior the user would see in the browser. Learn more at https://react.dev/link/wrap-tests-with-act

stderr | src/app/renderer/workbench/composer-continuity.test.ts > cannot undo accepted submission consumption in the current editor or after a switch
An update to I18nProvider inside a test was not wrapped in act(...).

When testing, code that causes React state updates should be wrapped into act(...):

act(() => {
  /* fire events that update state */
});
/* assert on the output */

This ensures that you're testing the behavior the user would see in the browser. Learn more at https://react.dev/link/wrap-tests-with-act

stderr | src/app/renderer/workbench/composer-continuity.test.ts > uses an externally updated draft version on return and discards the previous undo
An update to I18nProvider inside a test was not wrapped in act(...).

When testing, code that causes React state updates should be wrapped into act(...):

act(() => {
  /* fire events that update state */
});
/* assert on the output */

This ensures that you're testing the behavior the user would see in the browser. Learn more at https://react.dev/link/wrap-tests-with-act

stderr | src/app/renderer/workbench/composer-continuity.test.ts > uses an externally updated draft version on return and discards the previous undo
An update to I18nProvider inside a test was not wrapped in act(...).

When testing, code that causes React state updates should be wrapped into act(...):

act(() => {
  /* fire events that update state */
});
/* assert on the output */

This ensures that you're testing the behavior the user would see in the browser. Learn more at https://react.dev/link/wrap-tests-with-act

stderr | src/app/renderer/workbench/composer-continuity.test.ts > uses an externally updated draft version on return and discards the previous undo
An update to I18nProvider inside a test was not wrapped in act(...).

When testing, code that causes React state updates should be wrapped into act(...):

act(() => {
  /* fire events that update state */
});
/* assert on the output */

This ensures that you're testing the behavior the user would see in the browser. Learn more at https://react.dev/link/wrap-tests-with-act

stderr | src/app/renderer/workbench/composer-continuity.test.ts > Shift+Enter inserts a source line in the real composer and remains undoable
An update to I18nProvider inside a test was not wrapped in act(...).

When testing, code that causes React state updates should be wrapped into act(...):

act(() => {
  /* fire events that update state */
});
/* assert on the output */

This ensures that you're testing the behavior the user would see in the browser. Learn more at https://react.dev/link/wrap-tests-with-act

stderr | src/app/renderer/workbench/composer-continuity.test.ts > offers preparation retry only for an imported CLI chat, without consuming its draft
An update to I18nProvider inside a test was not wrapped in act(...).

When testing, code that causes React state updates should be wrapped into act(...):

act(() => {
  /* fire events that update state */
});
/* assert on the output */

This ensures that you're testing the behavior the user would see in the browser. Learn more at https://react.dev/link/wrap-tests-with-act

stderr | src/app/renderer/workbench/composer-continuity.test.ts > keeps Send and Enter available for idle CLI history, without requiring preparation retry first
An update to I18nProvider inside a test was not wrapped in act(...).

When testing, code that causes React state updates should be wrapped into act(...):

act(() => {
  /* fire events that update state */
});
/* assert on the output */

This ensures that you're testing the behavior the user would see in the browser. Learn more at https://react.dev/link/wrap-tests-with-act

stderr | src/app/renderer/workbench/composer-continuity.test.ts > does not retry an interrupted chat until its previous process has stopped
An update to I18nProvider inside a test was not wrapped in act(...).

When testing, code that causes React state updates should be wrapped into act(...):

act(() => {
  /* fire events that update state */
});
/* assert on the output */

This ensures that you're testing the behavior the user would see in the browser. Learn more at https://react.dev/link/wrap-tests-with-act

stderr | src/app/renderer/workbench/composer-continuity.test.ts > explains a running session without a model and offers model selection without consuming its draft
An update to I18nProvider inside a test was not wrapped in act(...).

When testing, code that causes React state updates should be wrapped into act(...):

act(() => {
  /* fire events that update state */
});
/* assert on the output */

This ensures that you're testing the behavior the user would see in the browser. Learn more at https://react.dev/link/wrap-tests-with-act

stderr | src/app/renderer/workbench/composer-continuity.test.ts > keeps a pending file-picker insertion in its real Composer before admitting the developer view
An update to I18nProvider inside a test was not wrapped in act(...).

When testing, code that causes React state updates should be wrapped into act(...):

act(() => {
  /* fire events that update state */
});
/* assert on the output */

This ensures that you're testing the behavior the user would see in the browser. Learn more at https://react.dev/link/wrap-tests-with-act

stderr | src/app/renderer/workbench/composer-continuity.test.ts > keeps a pending drop insertion in its real Composer before admitting the developer view
An update to I18nProvider inside a test was not wrapped in act(...).

When testing, code that causes React state updates should be wrapped into act(...):

act(() => {
  /* fire events that update state */
});
/* assert on the output */

This ensures that you're testing the behavior the user would see in the browser. Learn more at https://react.dev/link/wrap-tests-with-act

stderr | src/app/renderer/workbench/composer-continuity.test.ts > makes history protection limit observable in the real Composer while preserving its source body
An update to I18nProvider inside a test was not wrapped in act(...).

When testing, code that causes React state updates should be wrapped into act(...):

act(() => {
  /* fire events that update state */
});
/* assert on the output */

This ensures that you're testing the behavior the user would see in the browser. Learn more at https://react.dev/link/wrap-tests-with-act

stderr | src/app/renderer/workbench/composer-continuity.test.ts > makes history protection failure observable in the real Composer while preserving its source body
An update to I18nProvider inside a test was not wrapped in act(...).

When testing, code that causes React state updates should be wrapped into act(...):

act(() => {
  /* fire events that update state */
});
/* assert on the output */

This ensures that you're testing the behavior the user would see in the browser. Learn more at https://react.dev/link/wrap-tests-with-act

stderr | src/app/renderer/workbench/composer-continuity.test.ts > keeps publication-limit Undo until explicit recovery and waits for Main lease release before retry
An update to I18nProvider inside a test was not wrapped in act(...).

When testing, code that causes React state updates should be wrapped into act(...):

act(() => {
  /* fire events that update state */
});
/* assert on the output */

This ensures that you're testing the behavior the user would see in the browser. Learn more at https://react.dev/link/wrap-tests-with-act

stderr | src/app/renderer/workbench/composer-continuity.test.ts > connects synchronous copy and awaited structured paste in real Composer views as one user action
An update to I18nProvider inside a test was not wrapped in act(...).

When testing, code that causes React state updates should be wrapped into act(...):

act(() => {
  /* fire events that update state */
});
/* assert on the output */

This ensures that you're testing the behavior the user would see in the browser. Learn more at https://react.dev/link/wrap-tests-with-act

stderr | src/app/renderer/reading/saved-conversation.test.ts > refreshes an initially unbound transcript after native persistence and retains a message evicted from live
An update to SavedConversation inside a test was not wrapped in act(...).

When testing, code that causes React state updates should be wrapped into act(...):

act(() => {
  /* fire events that update state */
});
/* assert on the output */

This ensures that you're testing the behavior the user would see in the browser. Learn more at https://react.dev/link/wrap-tests-with-act

stderr | src/app/renderer/workbench/composer-continuity.test.ts > connects synchronous copy and awaited structured paste in real Composer views as one user action
An update to I18nProvider inside a test was not wrapped in act(...).

When testing, code that causes React state updates should be wrapped into act(...):

act(() => {
  /* fire events that update state */
});
/* assert on the output */

This ensures that you're testing the behavior the user would see in the browser. Learn more at https://react.dev/link/wrap-tests-with-act

stderr | src/app/renderer/workbench/composer-continuity.test.ts > shows automatic preparation without asking the user to start OMP
An update to ComposerReadiness inside a test was not wrapped in act(...).

When testing, code that causes React state updates should be wrapped into act(...):

act(() => {
  /* fire events that update state */
});
/* assert on the output */

This ensures that you're testing the behavior the user would see in the browser. Learn more at https://react.dev/link/wrap-tests-with-act
An update to SendButton inside a test was not wrapped in act(...).

When testing, code that causes React state updates should be wrapped into act(...):

act(() => {
  /* fire events that update state */
});
/* assert on the output */

This ensures that you're testing the behavior the user would see in the browser. Learn more at https://react.dev/link/wrap-tests-with-act
An update to I18nProvider inside a test was not wrapped in act(...).

When testing, code that causes React state updates should be wrapped into act(...):

act(() => {
  /* fire events that update state */
});
/* assert on the output */

This ensures that you're testing the behavior the user would see in the browser. Learn more at https://react.dev/link/wrap-tests-with-act

stderr | src/app/renderer/workbench/composer-continuity.test.ts > offers an explicit startup retry after failure and preserves the draft until a real submission
An update to I18nProvider inside a test was not wrapped in act(...).

When testing, code that causes React state updates should be wrapped into act(...):

act(() => {
  /* fire events that update state */
});
/* assert on the output */

This ensures that you're testing the behavior the user would see in the browser. Learn more at https://react.dev/link/wrap-tests-with-act

stderr | src/app/renderer/workbench/composer-continuity.test.ts > offers the normal project trust action for a CLI session and retains the question draft
An update to I18nProvider inside a test was not wrapped in act(...).

When testing, code that causes React state updates should be wrapped into act(...):

act(() => {
  /* fire events that update state */
});
/* assert on the output */

This ensures that you're testing the behavior the user would see in the browser. Learn more at https://react.dev/link/wrap-tests-with-act

stderr | src/app/renderer/workbench/composer-continuity.test.ts > owns Enter while the reference popup is loading, empty or dismissed, and leaves IME confirmation to the editor
An update to I18nProvider inside a test was not wrapped in act(...).

When testing, code that causes React state updates should be wrapped into act(...):

act(() => {
  /* fire events that update state */
});
/* assert on the output */

This ensures that you're testing the behavior the user would see in the browser. Learn more at https://react.dev/link/wrap-tests-with-act

 ✓ src/app/renderer/reading/saved-conversation.test.ts (12 tests) 1511ms
   ✓ reuses fresh saved messages on return without another disk read or loading prose 348ms
   ✓ does not re-read a cached transcript just because its existing live identities remount 580ms
stderr | src/app/renderer/workbench/composer-continuity.test.ts > accepts one reference on Enter and preserves input typed while Main verifies the chosen source
An update to I18nProvider inside a test was not wrapped in act(...).

When testing, code that causes React state updates should be wrapped into act(...):

act(() => {
  /* fire events that update state */
});
/* assert on the output */

This ensures that you're testing the behavior the user would see in the browser. Learn more at https://react.dev/link/wrap-tests-with-act

stderr | src/app/renderer/workbench/composer-continuity.test.ts > inserts mixed-paste files at the captured source boundary and undoes the whole batch without erasing later typing
An update to I18nProvider inside a test was not wrapped in act(...).

When testing, code that causes React state updates should be wrapped into act(...):

act(() => {
  /* fire events that update state */
});
/* assert on the output */

This ensures that you're testing the behavior the user would see in the browser. Learn more at https://react.dev/link/wrap-tests-with-act

stderr | src/app/renderer/workbench/composer-continuity.test.ts > inserts mixed-paste files at the captured source boundary and undoes the whole batch without erasing later typing
An update to AttachmentImportBatches inside a test was not wrapped in act(...).

When testing, code that causes React state updates should be wrapped into act(...):

act(() => {
  /* fire events that update state */
});
/* assert on the output */

This ensures that you're testing the behavior the user would see in the browser. Learn more at https://react.dev/link/wrap-tests-with-act

stderr | src/app/renderer/workbench/composer-continuity.test.ts > renders images only as tiles and MIME files only inline, without a repeated failure panel or image Undo
An update to I18nProvider inside a test was not wrapped in act(...).

When testing, code that causes React state updates should be wrapped into act(...):

act(() => {
  /* fire events that update state */
});
/* assert on the output */

This ensures that you're testing the behavior the user would see in the browser. Learn more at https://react.dev/link/wrap-tests-with-act

stderr | src/app/renderer/workbench/composer-continuity.test.ts > exposes partial import without automatic adoption and accepts the ready subset only through its explicit Composer action
An update to I18nProvider inside a test was not wrapped in act(...).

When testing, code that causes React state updates should be wrapped into act(...):

act(() => {
  /* fire events that update state */
});
/* assert on the output */

This ensures that you're testing the behavior the user would see in the browser. Learn more at https://react.dev/link/wrap-tests-with-act

stderr | src/app/renderer/workbench/composer-continuity.test.ts > exposes partial import without automatic adoption and accepts the ready subset only through its explicit Composer action
An update to AttachmentImportBatches inside a test was not wrapped in act(...).

When testing, code that causes React state updates should be wrapped into act(...):

act(() => {
  /* fire events that update state */
});
/* assert on the output */

This ensures that you're testing the behavior the user would see in the browser. Learn more at https://react.dev/link/wrap-tests-with-act

stderr | src/app/renderer/workbench/composer-continuity.test.ts > previews and confirms a failed PDF in its original import job before explicit insertion
An update to I18nProvider inside a test was not wrapped in act(...).

When testing, code that causes React state updates should be wrapped into act(...):

act(() => {
  /* fire events that update state */
});
/* assert on the output */

This ensures that you're testing the behavior the user would see in the browser. Learn more at https://react.dev/link/wrap-tests-with-act

stderr | src/app/renderer/workbench/composer-continuity.test.ts > previews and confirms a failed PDF in its original import job before explicit insertion
An update to AttachmentImportBatches inside a test was not wrapped in act(...).

When testing, code that causes React state updates should be wrapped into act(...):

act(() => {
  /* fire events that update state */
});
/* assert on the output */

This ensures that you're testing the behavior the user would see in the browser. Learn more at https://react.dev/link/wrap-tests-with-act

stderr | src/app/renderer/workbench/composer-continuity.test.ts > previews and confirms a failed PDF in its original import job before explicit insertion
An update to AttachmentControls inside a test was not wrapped in act(...).

When testing, code that causes React state updates should be wrapped into act(...):

act(() => {
  /* fire events that update state */
});
/* assert on the output */

This ensures that you're testing the behavior the user would see in the browser. Learn more at https://react.dev/link/wrap-tests-with-act

stderr | src/app/renderer/workbench/composer-continuity.test.ts > returns the mapped caret to the real editor when expanding and collapsing for continued input
An update to I18nProvider inside a test was not wrapped in act(...).

When testing, code that causes React state updates should be wrapped into act(...):

act(() => {
  /* fire events that update state */
});
/* assert on the output */

This ensures that you're testing the behavior the user would see in the browser. Learn more at https://react.dev/link/wrap-tests-with-act

stderr | src/app/renderer/workbench/composer-continuity.test.ts > preserves the mixed-paste target when only localized labels change
An update to I18nProvider inside a test was not wrapped in act(...).

When testing, code that causes React state updates should be wrapped into act(...):

act(() => {
  /* fire events that update state */
});
/* assert on the output */

This ensures that you're testing the behavior the user would see in the browser. Learn more at https://react.dev/link/wrap-tests-with-act

stderr | src/app/renderer/workbench/composer-continuity.test.ts > preserves the mixed-paste target when only localized labels change
An update to AttachmentImportBatches inside a test was not wrapped in act(...).

When testing, code that causes React state updates should be wrapped into act(...):

act(() => {
  /* fire events that update state */
});
/* assert on the output */

This ensures that you're testing the behavior the user would see in the browser. Learn more at https://react.dev/link/wrap-tests-with-act

stderr | src/app/renderer/workbench/composer-continuity.test.ts > preserves the mixed-paste target when only localized labels change
An update to AttachmentImportBatches inside a test was not wrapped in act(...).

When testing, code that causes React state updates should be wrapped into act(...):

act(() => {
  /* fire events that update state */
});
/* assert on the output */

This ensures that you're testing the behavior the user would see in the browser. Learn more at https://react.dev/link/wrap-tests-with-act

stderr | src/app/renderer/workbench/composer-continuity.test.ts > returns focus after explicitly adopting a pending image
An update to I18nProvider inside a test was not wrapped in act(...).

When testing, code that causes React state updates should be wrapped into act(...):

act(() => {
  /* fire events that update state */
});
/* assert on the output */

This ensures that you're testing the behavior the user would see in the browser. Learn more at https://react.dev/link/wrap-tests-with-act

stderr | src/app/renderer/workbench/composer-continuity.test.ts > keeps a restored image when the real Composer body is replaced before list metadata arrives
An update to I18nProvider inside a test was not wrapped in act(...).

When testing, code that causes React state updates should be wrapped into act(...):

act(() => {
  /* fire events that update state */
});
/* assert on the output */

This ensures that you're testing the behavior the user would see in the browser. Learn more at https://react.dev/link/wrap-tests-with-act

stderr | src/app/renderer/workbench/composer-continuity.test.ts > offers explicit metadata retry while keeping an unresolved restored image protected
An update to I18nProvider inside a test was not wrapped in act(...).

When testing, code that causes React state updates should be wrapped into act(...):

act(() => {
  /* fire events that update state */
});
/* assert on the output */

This ensures that you're testing the behavior the user would see in the browser. Learn more at https://react.dev/link/wrap-tests-with-act

stderr | src/app/renderer/workbench/composer-continuity.test.ts > offers explicit metadata retry while keeping an unresolved restored image protected
An update to AttachmentControls inside a test was not wrapped in act(...).

When testing, code that causes React state updates should be wrapped into act(...):

act(() => {
  /* fire events that update state */
});
/* assert on the output */

This ensures that you're testing the behavior the user would see in the browser. Learn more at https://react.dev/link/wrap-tests-with-act

stderr | src/app/renderer/workbench/composer-continuity.test.ts > offers explicit metadata retry while keeping an unresolved restored image protected
An update to AttachmentControls inside a test was not wrapped in act(...).

When testing, code that causes React state updates should be wrapped into act(...):

act(() => {
  /* fire events that update state */
});
/* assert on the output */

This ensures that you're testing the behavior the user would see in the browser. Learn more at https://react.dev/link/wrap-tests-with-act

stderr | src/app/renderer/workbench/composer-continuity.test.ts > offers explicit metadata retry while keeping an unresolved restored image protected
An update to Composer inside a test was not wrapped in act(...).

When testing, code that causes React state updates should be wrapped into act(...):

act(() => {
  /* fire events that update state */
});
/* assert on the output */

This ensures that you're testing the behavior the user would see in the browser. Learn more at https://react.dev/link/wrap-tests-with-act
An update to Composer inside a test was not wrapped in act(...).

When testing, code that causes React state updates should be wrapped into act(...):

act(() => {
  /* fire events that update state */
});
/* assert on the output */

This ensures that you're testing the behavior the user would see in the browser. Learn more at https://react.dev/link/wrap-tests-with-act
An update to Composer inside a test was not wrapped in act(...).

When testing, code that causes React state updates should be wrapped into act(...):

act(() => {
  /* fire events that update state */
});
/* assert on the output */

This ensures that you're testing the behavior the user would see in the browser. Learn more at https://react.dev/link/wrap-tests-with-act

stderr | src/app/renderer/workbench/composer-continuity.test.ts > offers explicit metadata retry while keeping an unresolved restored image protected
An update to Composer inside a test was not wrapped in act(...).

When testing, code that causes React state updates should be wrapped into act(...):

act(() => {
  /* fire events that update state */
});
/* assert on the output */

This ensures that you're testing the behavior the user would see in the browser. Learn more at https://react.dev/link/wrap-tests-with-act

stderr | src/app/renderer/workbench/composer-continuity.test.ts > saves edits quietly without adding a pending status row, and keeps real save recovery
An update to I18nProvider inside a test was not wrapped in act(...).

When testing, code that causes React state updates should be wrapped into act(...):

act(() => {
  /* fire events that update state */
});
/* assert on the output */

This ensures that you're testing the behavior the user would see in the browser. Learn more at https://react.dev/link/wrap-tests-with-act

stderr | src/app/renderer/workbench/composer-continuity.test.ts > removes successful import reports without losing image adoption, dedup settlement or Undo/Redo
An update to I18nProvider inside a test was not wrapped in act(...).

When testing, code that causes React state updates should be wrapped into act(...):

act(() => {
  /* fire events that update state */
});
/* assert on the output */

This ensures that you're testing the behavior the user would see in the browser. Learn more at https://react.dev/link/wrap-tests-with-act

stderr | src/app/renderer/workbench/composer-continuity.test.ts > removes successful import reports without losing image adoption, dedup settlement or Undo/Redo
An update to AttachmentImportBatches inside a test was not wrapped in act(...).

When testing, code that causes React state updates should be wrapped into act(...):

act(() => {
  /* fire events that update state */
});
/* assert on the output */

This ensures that you're testing the behavior the user would see in the browser. Learn more at https://react.dev/link/wrap-tests-with-act

stderr | src/app/renderer/workbench/composer-continuity.test.ts > removes successful import reports without losing image adoption, dedup settlement or Undo/Redo
An update to AttachmentImportBatches inside a test was not wrapped in act(...).

When testing, code that causes React state updates should be wrapped into act(...):

act(() => {
  /* fire events that update state */
});
/* assert on the output */

This ensures that you're testing the behavior the user would see in the browser. Learn more at https://react.dev/link/wrap-tests-with-act

stderr | src/app/renderer/workbench/composer-continuity.test.ts > removes successful import reports without losing image adoption, dedup settlement or Undo/Redo
An update to I18nProvider inside a test was not wrapped in act(...).

When testing, code that causes React state updates should be wrapped into act(...):

act(() => {
  /* fire events that update state */
});
/* assert on the output */

This ensures that you're testing the behavior the user would see in the browser. Learn more at https://react.dev/link/wrap-tests-with-act

stderr | src/app/renderer/workbench/composer-continuity.test.ts > keeps failed settlement recoverable after removal without previewing or claiming an adopted image
An update to I18nProvider inside a test was not wrapped in act(...).

When testing, code that causes React state updates should be wrapped into act(...):

act(() => {
  /* fire events that update state */
});
/* assert on the output */

This ensures that you're testing the behavior the user would see in the browser. Learn more at https://react.dev/link/wrap-tests-with-act

stderr | src/app/renderer/workbench/composer-continuity.test.ts > keeps failed settlement recoverable after removal without previewing or claiming an adopted image
An update to AttachmentImportBatches inside a test was not wrapped in act(...).

When testing, code that causes React state updates should be wrapped into act(...):

act(() => {
  /* fire events that update state */
});
/* assert on the output */

This ensures that you're testing the behavior the user would see in the browser. Learn more at https://react.dev/link/wrap-tests-with-act

stderr | src/app/renderer/workbench/composer-continuity.test.ts > keeps settlement independent of file Undo and Redo while its successful UI stays quiet
An update to I18nProvider inside a test was not wrapped in act(...).

When testing, code that causes React state updates should be wrapped into act(...):

act(() => {
  /* fire events that update state */
});
/* assert on the output */

This ensures that you're testing the behavior the user would see in the browser. Learn more at https://react.dev/link/wrap-tests-with-act

stderr | src/app/renderer/workbench/composer-continuity.test.ts > keeps settlement independent of file Undo and Redo while its successful UI stays quiet
An update to AttachmentImportBatches inside a test was not wrapped in act(...).

When testing, code that causes React state updates should be wrapped into act(...):

act(() => {
  /* fire events that update state */
});
/* assert on the output */

This ensures that you're testing the behavior the user would see in the browser. Learn more at https://react.dev/link/wrap-tests-with-act

 ✓ src/app/renderer/workbench/composer-continuity.test.ts (33 tests) 3046ms

 Test Files  7 passed (7)
      Tests  64 passed (64)
   Start at  15:08:03
   Duration  9.81s (import 38%, transform 30%, tests 18%, environment 14%)

  Transform  transforming modules took 7.77s · 30% of tracked time, re-done on every run
             persist transforms across runs with fsModuleCache: true
             on CI this only helps when the cache directory is persisted between runs
             learn more: https://vitest.dev/guide/improving-performance#caching-between-reruns
