file:///private/var/folders/0_/wqjm38lj5j5frqmvd7c4m5yh0000gn/T/d-pi-workflow-forward-w8bbc4q1-wt-04/tests/describe.test.mjs:3
import { describeTicket, echoId } from "../src/index.mjs";
         ^^^^^^^^^^^^^^
SyntaxError: The requested module '../src/index.mjs' does not provide an export named 'describeTicket'
    at #asyncInstantiate (node:internal/modules/esm/module_job:455:21)
    at async ModuleJob.run (node:internal/modules/esm/module_job:553:5)
    at async node:internal/modules/esm/loader:647:26
    at async asyncRunEntryPointWithESMLoader (node:internal/modules/run_main:101:5)

Node.js v24.21.0
✖ tests/describe.test.mjs (40.849416ms)
ℹ tests 1
ℹ suites 0
ℹ pass 0
ℹ fail 1
ℹ cancelled 0
ℹ skipped 0
ℹ todo 0
ℹ duration_ms 46.804083

✖ failing tests:

test at tests/describe.test.mjs:1:1
✖ tests/describe.test.mjs (40.849416ms)
  'test failed'
